[
  {
    "BuildId": 666778,
    "RecordId": "6c5bbe10-d41c-5008-b9b3-09c7d6d8c0b3",
    "Index": 0,
    "UpdatedCategory": "Pool provider"
  },
  {
    "BuildId": 674578,
    "RecordId": "4ec48297-f0d4-5d6c-7d7c-174fafbbae1c",
    "Index": 1,
    "UpdatedCategory": "Test"
  },
  {
    "BuildId": 688348,
    "RecordId": "3b5945b0-87a7-52cf-843a-406c21a8e27e",
    "Index": 2,
    "UpdatedCategory": "Helix"
  }
]
