[
  {
    "BuildId": 674578,
    "RecordId": "4ec48297-f0d4-5d6c-7d7c-174fafbbae1c",
    "Index": 1,
    "UpdatedCategory": "Test"
  }
]
